// Jest Snapshot v1, https://goo.gl/fbAQLP

exports[`NewOrganisationButton renders 1`] = `
<div
  className="NewOrganisationButton"
>
  <div
    className="row"
  >
    <div
      className="col"
    >
      <button
        aria-label={null}
        className="btn btn-primary"
        onClick={[Function]}
        type="button"
      >
        Add Organisation
      </button>
    </div>
  </div>
  
</div>
`;
